// Jest Snapshot v1, https://goo.gl/fbAQLP

exports[`Pruebas en FirstApp Debe de hacer match con el snapshot 1`] = `
<div>
  <h1>
    Hola soy Yeyo
  </h1>
  <p>
    0
  </p>
  <p>
    Yeyo Foster
  </p>
</div>
`;
